../Core/Src/lwIP_adin1110_app.c:82:13:txCallback	24	static
../Core/Src/lwIP_adin1110_app.c:87:13:rxCallback	40	static
../Core/Src/lwIP_adin1110_app.c:118:6:cbLinkChange	32	static
../Core/Src/lwIP_adin1110_app.c:129:10:adi_phy_GetLinkStatus	24	static
../Core/Src/lwIP_adin1110_app.c:138:10:sys_now	8	static
../Core/Src/lwIP_adin1110_app.c:143:7:LwIP_ADIN1110LinkInput	24	static
../Core/Src/lwIP_adin1110_app.c:168:14:low_level_output	40	static
../Core/Src/lwIP_adin1110_app.c:233:14:LwIP_ADIN1110LinkOutput	16	static
../Core/Src/lwIP_adin1110_app.c:240:14:ssiHandler	24	static
../Core/Src/lwIP_adin1110_app.c:246:18:LwIP_StructInit	24	static
../Core/Src/lwIP_adin1110_app.c:255:14:LwipADIN1110Init	24	static
../Core/Src/lwIP_adin1110_app.c:282:25:ADIN1110Init	32	static
../Core/Src/lwIP_adin1110_app.c:321:6:LwIP_Init	56	static
../Core/Src/lwIP_adin1110_app.c:355:6:initPQueue	16	static
../Core/Src/lwIP_adin1110_app.c:362:10:pDataAvailable	16	static
../Core/Src/lwIP_adin1110_app.c:371:6:writePQ	24	static
../Core/Src/lwIP_adin1110_app.c:379:7:readPQ	24	static
../Core/Src/lwIP_adin1110_app.c:392:10:discoveradin1110	32	static
