../Drivers/lwip-2.1.2/src/apps/smtp/smtp.c:320:1:smtp_result_str	16	static
../Drivers/lwip-2.1.2/src/apps/smtp/smtp.c:333:1:smtp_pbuf_str	16	static
../Drivers/lwip-2.1.2/src/apps/smtp/smtp.c:349:1:smtp_set_server_addr	24	static
../Drivers/lwip-2.1.2/src/apps/smtp/smtp.c:375:1:smtp_set_server_port	16	static
../Drivers/lwip-2.1.2/src/apps/smtp/smtp.c:402:1:smtp_set_auth	24	static
../Drivers/lwip-2.1.2/src/apps/smtp/smtp.c:457:1:smtp_setup_pcb	24	static
../Drivers/lwip-2.1.2/src/apps/smtp/smtp.c:484:1:smtp_send_mail_alloced	32	static
../Drivers/lwip-2.1.2/src/apps/smtp/smtp.c:585:1:smtp_send_mail	64	static
../Drivers/lwip-2.1.2/src/apps/smtp/smtp.c:640:1:smtp_send_mail_static	32	static
../Drivers/lwip-2.1.2/src/apps/smtp/smtp.c:695:1:smtp_send_mail_int	40	static
../Drivers/lwip-2.1.2/src/apps/smtp/smtp.c:721:1:smtp_verify	32	static
../Drivers/lwip-2.1.2/src/apps/smtp/smtp.c:757:1:smtp_free	32	static
../Drivers/lwip-2.1.2/src/apps/smtp/smtp.c:772:1:smtp_close	24	static
../Drivers/lwip-2.1.2/src/apps/smtp/smtp.c:794:1:smtp_tcp_err	16	static
../Drivers/lwip-2.1.2/src/apps/smtp/smtp.c:805:1:smtp_tcp_poll	24	static
../Drivers/lwip-2.1.2/src/apps/smtp/smtp.c:819:1:smtp_tcp_sent	24	static
../Drivers/lwip-2.1.2/src/apps/smtp/smtp.c:830:1:smtp_tcp_recv	32	static
../Drivers/lwip-2.1.2/src/apps/smtp/smtp.c:844:1:smtp_tcp_connected	32	static
../Drivers/lwip-2.1.2/src/apps/smtp/smtp.c:914:1:smtp_base64_encode	56	static
../Drivers/lwip-2.1.2/src/apps/smtp/smtp.c:955:1:smtp_is_response	24	static
../Drivers/lwip-2.1.2/src/apps/smtp/smtp.c:987:1:smtp_is_response_finished	24	static
../Drivers/lwip-2.1.2/src/apps/smtp/smtp.c:1031:1:smtp_prepare_helo	32	static
../Drivers/lwip-2.1.2/src/apps/smtp/smtp.c:1054:1:smtp_prepare_auth_or_mail	32	static
../Drivers/lwip-2.1.2/src/apps/smtp/smtp.c:1108:1:smtp_prepare_auth_login_uname	32	static
../Drivers/lwip-2.1.2/src/apps/smtp/smtp.c:1124:1:smtp_prepare_auth_login_pass	32	static
../Drivers/lwip-2.1.2/src/apps/smtp/smtp.c:1141:1:smtp_prepare_mail	24	static
../Drivers/lwip-2.1.2/src/apps/smtp/smtp.c:1158:1:smtp_prepare_rcpt	24	static
../Drivers/lwip-2.1.2/src/apps/smtp/smtp.c:1175:1:smtp_prepare_header	24	static
../Drivers/lwip-2.1.2/src/apps/smtp/smtp.c:1204:1:smtp_prepare_quit	16	static
../Drivers/lwip-2.1.2/src/apps/smtp/smtp.c:1215:1:smtp_send_body	24	static
../Drivers/lwip-2.1.2/src/apps/smtp/smtp.c:1265:1:smtp_process	48	static
